// Jest Snapshot v1, https://goo.gl/fbAQLP

exports[`Should render Dashboard correctly 1`] = `
<div>
  <h1>
    Dashboard
  </h1>
  <Connect(ExpenseListFilters) />
  <Connect(ExpenseList) />
</div>
`;
