// Jest Snapshot v1, https://goo.gl/fbAQLP

exports[`Should render ExpenseListItem with expense data 1`] = `
<div
  className="expense-item"
>
  <p>
    <Link
      replace={false}
      to={
        Object {
          "pathname": "/edit/1",
        }
      }
    >
      Cheesecake
    </Link>
  </p>
  <p>
    295
  </p>
  <p>
    0
  </p>
  <button
    className="button-link"
    onClick={[Function]}
  >
    Remove
  </button>
</div>
`;
